// Jest Snapshot v1, https://goo.gl/fbAQLP

exports[`renders a card 1`] = `
<div
  className="card"
  id={undefined}
  onClick={[Function]}
  style={
    Object {
      "backgroundColor": "gray",
    }
  }
  type="button"
>
  <p
    className="card-text"
    style={
      Object {
        "display": "block",
      }
    }
  >
    10
  </p>
</div>
`;
